// Jest Snapshot v1, https://goo.gl/fbAQLP

exports[`TDD Render login screen 1`] = `
<View
  style={
    Object {
      "flex": 1,
      "marginTop": 20,
      "paddingLeft": 30,
      "paddingRight": 30,
    }
  }
>
  <Text
    style={
      Object {
        "fontSize": 50,
        "textAlign": "center",
      }
    }
  >
    GoStyle
  </Text>
  <View
    style={
      Object {
        "flex": 6,
        "justifyContent": "center",
      }
    }
  >
    <View
      accessible={true}
      focusable={true}
      onClick={[Function]}
      onResponderGrant={[Function]}
      onResponderMove={[Function]}
      onResponderRelease={[Function]}
      onResponderTerminate={[Function]}
      onResponderTerminationRequest={[Function]}
      onStartShouldSetResponder={[Function]}
      style={
        Object {
          "backgroundColor": "#93A09D",
          "borderRadius": 10,
          "marginTop": 10,
          "opacity": 1,
          "paddingBottom": 15,
          "paddingLeft": 80,
          "paddingRight": 80,
          "paddingTop": 15,
        }
      }
    >
      <Text>
        TDD
      </Text>
    </View>
    <Text
      style={
        Object {
          "marginBottom": 5,
          "marginTop": 10,
        }
      }
    >
      Adresse mail
    </Text>
    <TextInput
      allowFontScaling={true}
      onChangeText={[Function]}
      placeholder=""
      rejectResponderTermination={true}
      style={
        Object {
          "backgroundColor": "#FBFBFB",
          "borderRadius": 10,
          "marginTop": 10,
          "paddingBottom": 15,
          "paddingLeft": 80,
          "paddingRight": 80,
          "paddingTop": 15,
        }
      }
      underlineColorAndroid="transparent"
    />
    <Text
      style={
        Object {
          "marginBottom": 5,
          "marginTop": 10,
        }
      }
    >
      Mot de passe
    </Text>
    <TextInput
      allowFontScaling={true}
      onChangeText={[Function]}
      placeholder=""
      rejectResponderTermination={true}
      style={
        Object {
          "backgroundColor": "#FBFBFB",
          "borderRadius": 10,
          "marginTop": 10,
          "paddingBottom": 15,
          "paddingLeft": 80,
          "paddingRight": 80,
          "paddingTop": 15,
        }
      }
      underlineColorAndroid="transparent"
    />
    <View
      accessible={true}
      focusable={true}
      onClick={[Function]}
      onResponderGrant={[Function]}
      onResponderMove={[Function]}
      onResponderRelease={[Function]}
      onResponderTerminate={[Function]}
      onResponderTerminationRequest={[Function]}
      onStartShouldSetResponder={[Function]}
      style={
        Object {
          "opacity": 1,
        }
      }
    >
      <Text
        style={
          Object {
            "fontSize": 11,
            "marginTop": 5,
            "textAlign": "right",
            "textDecorationLine": "underline",
          }
        }
      >
        Mot de passe oublié ?
      </Text>
    </View>
    <Text
      style={
        Object {
          "color": "#FE5A36",
        }
      }
    >
      
    </Text>
  </View>
  <View
    style={
      Object {
        "flex": 2,
      }
    }
  >
    <Text
      style={
        Array [
          Object {
            "fontSize": 11,
            "textAlign": "center",
          },
        ]
      }
    >
      En utilisant GoStyle vous confirmez être en accord avec nos
      <Text
        style={
          Array [
            Object {
              "textDecorationLine": "underline",
            },
          ]
        }
      >
         conditions d’utilisation
      </Text>
      et notre
      <Text
        style={
          Array [
            Object {
              "textDecorationLine": "underline",
            },
          ]
        }
      >
         politique de confidentialité
      </Text>
    </Text>
    <View
      accessible={true}
      focusable={true}
      onClick={[Function]}
      onResponderGrant={[Function]}
      onResponderMove={[Function]}
      onResponderRelease={[Function]}
      onResponderTerminate={[Function]}
      onResponderTerminationRequest={[Function]}
      onStartShouldSetResponder={[Function]}
      style={
        Object {
          "backgroundColor": "#93A09D",
          "borderRadius": 10,
          "marginTop": 10,
          "opacity": 1,
          "paddingBottom": 15,
          "paddingLeft": 80,
          "paddingRight": 80,
          "paddingTop": 15,
        }
      }
    >
      <Text
        style={
          Object {
            "color": "#FFFFFF",
            "textAlign": "center",
          }
        }
      >
        Se connecter
      </Text>
    </View>
    <View
      accessible={true}
      focusable={true}
      onClick={[Function]}
      onResponderGrant={[Function]}
      onResponderMove={[Function]}
      onResponderRelease={[Function]}
      onResponderTerminate={[Function]}
      onResponderTerminationRequest={[Function]}
      onStartShouldSetResponder={[Function]}
      style={
        Object {
          "backgroundColor": "#93A09D",
          "borderRadius": 10,
          "marginTop": 10,
          "opacity": 1,
          "paddingBottom": 15,
          "paddingLeft": 80,
          "paddingRight": 80,
          "paddingTop": 15,
        }
      }
    >
      <Text
        style={
          Object {
            "color": "#FFFFFF",
            "textAlign": "center",
          }
        }
      >
        S'inscire
      </Text>
    </View>
  </View>
</View>
`;

exports[`TDD Rendu login screen 1`] = `
<View
  style={
    Object {
      "flex": 1,
      "marginTop": 20,
      "paddingLeft": 30,
      "paddingRight": 30,
    }
  }
>
  <Text
    style={
      Object {
        "fontSize": 50,
        "textAlign": "center",
      }
    }
  >
    GoStyle
  </Text>
  <View
    style={
      Object {
        "flex": 6,
        "justifyContent": "center",
      }
    }
  >
    <View
      accessible={true}
      focusable={true}
      onClick={[Function]}
      onResponderGrant={[Function]}
      onResponderMove={[Function]}
      onResponderRelease={[Function]}
      onResponderTerminate={[Function]}
      onResponderTerminationRequest={[Function]}
      onStartShouldSetResponder={[Function]}
      style={
        Object {
          "backgroundColor": "#93A09D",
          "borderRadius": 10,
          "marginTop": 10,
          "opacity": 1,
          "paddingBottom": 15,
          "paddingLeft": 80,
          "paddingRight": 80,
          "paddingTop": 15,
        }
      }
    >
      <Text>
        TDD
      </Text>
    </View>
    <Text
      style={
        Object {
          "marginBottom": 5,
          "marginTop": 10,
        }
      }
    >
      Adresse mail
    </Text>
    <TextInput
      allowFontScaling={true}
      onChangeText={[Function]}
      placeholder=""
      rejectResponderTermination={true}
      style={
        Object {
          "backgroundColor": "#FBFBFB",
          "borderRadius": 10,
          "marginTop": 10,
          "paddingBottom": 15,
          "paddingLeft": 80,
          "paddingRight": 80,
          "paddingTop": 15,
        }
      }
      underlineColorAndroid="transparent"
    />
    <Text
      style={
        Object {
          "marginBottom": 5,
          "marginTop": 10,
        }
      }
    >
      Mot de passe
    </Text>
    <TextInput
      allowFontScaling={true}
      onChangeText={[Function]}
      placeholder=""
      rejectResponderTermination={true}
      style={
        Object {
          "backgroundColor": "#FBFBFB",
          "borderRadius": 10,
          "marginTop": 10,
          "paddingBottom": 15,
          "paddingLeft": 80,
          "paddingRight": 80,
          "paddingTop": 15,
        }
      }
      underlineColorAndroid="transparent"
    />
    <View
      accessible={true}
      focusable={true}
      onClick={[Function]}
      onResponderGrant={[Function]}
      onResponderMove={[Function]}
      onResponderRelease={[Function]}
      onResponderTerminate={[Function]}
      onResponderTerminationRequest={[Function]}
      onStartShouldSetResponder={[Function]}
      style={
        Object {
          "opacity": 1,
        }
      }
    >
      <Text
        style={
          Object {
            "fontSize": 11,
            "marginTop": 5,
            "textAlign": "right",
            "textDecorationLine": "underline",
          }
        }
      >
        Mot de passe oublié ?
      </Text>
    </View>
    <Text
      style={
        Object {
          "color": "#FE5A36",
        }
      }
    >
      
    </Text>
  </View>
  <View
    style={
      Object {
        "flex": 2,
      }
    }
  >
    <Text
      style={
        Array [
          Object {
            "fontSize": 11,
            "textAlign": "center",
          },
        ]
      }
    >
      En utilisant GoStyle vous confirmez être en accord avec nos
      <Text
        style={
          Array [
            Object {
              "textDecorationLine": "underline",
            },
          ]
        }
      >
         conditions d’utilisation
      </Text>
      et notre
      <Text
        style={
          Array [
            Object {
              "textDecorationLine": "underline",
            },
          ]
        }
      >
         politique de confidentialité
      </Text>
    </Text>
    <View
      accessible={true}
      focusable={true}
      onClick={[Function]}
      onResponderGrant={[Function]}
      onResponderMove={[Function]}
      onResponderRelease={[Function]}
      onResponderTerminate={[Function]}
      onResponderTerminationRequest={[Function]}
      onStartShouldSetResponder={[Function]}
      style={
        Object {
          "backgroundColor": "#93A09D",
          "borderRadius": 10,
          "marginTop": 10,
          "opacity": 1,
          "paddingBottom": 15,
          "paddingLeft": 80,
          "paddingRight": 80,
          "paddingTop": 15,
        }
      }
    >
      <Text
        style={
          Object {
            "color": "#FFFFFF",
            "textAlign": "center",
          }
        }
      >
        Se connecter
      </Text>
    </View>
    <View
      accessible={true}
      focusable={true}
      onClick={[Function]}
      onResponderGrant={[Function]}
      onResponderMove={[Function]}
      onResponderRelease={[Function]}
      onResponderTerminate={[Function]}
      onResponderTerminationRequest={[Function]}
      onStartShouldSetResponder={[Function]}
      style={
        Object {
          "backgroundColor": "#93A09D",
          "borderRadius": 10,
          "marginTop": 10,
          "opacity": 1,
          "paddingBottom": 15,
          "paddingLeft": 80,
          "paddingRight": 80,
          "paddingTop": 15,
        }
      }
    >
      <Text
        style={
          Object {
            "color": "#FFFFFF",
            "textAlign": "center",
          }
        }
      >
        S'inscire
      </Text>
    </View>
  </View>
</View>
`;
